Archive member included to satisfy reference by file (symbol)

c:/st/stm32cubeide_1.4.0/stm32cubeide/plugins/com.st.stm32cube.ide.mcu.externaltools.gnu-tools-for-stm32.7-2018-q2-update.win32_1.4.0.202007081208/tools/bin/../lib/gcc/arm-none-eabi/7.3.1/../../../../arm-none-eabi/lib/thumb/v7e-m/fpv4-sp/hard\libc_nano.a(lib_a-errno.o)
                              Src/syscalls.o (__errno)
c:/st/stm32cubeide_1.4.0/stm32cubeide/plugins/com.st.stm32cube.ide.mcu.externaltools.gnu-tools-for-stm32.7-2018-q2-update.win32_1.4.0.202007081208/tools/bin/../lib/gcc/arm-none-eabi/7.3.1/../../../../arm-none-eabi/lib/thumb/v7e-m/fpv4-sp/hard\libc_nano.a(lib_a-exit.o)
                              c:/st/stm32cubeide_1.4.0/stm32cubeide/plugins/com.st.stm32cube.ide.mcu.externaltools.gnu-tools-for-stm32.7-2018-q2-update.win32_1.4.0.202007081208/tools/bin/../lib/gcc/arm-none-eabi/7.3.1/../../../../arm-none-eabi/lib/thumb/v7e-m/fpv4-sp/hard/crt0.o (exit)
c:/st/stm32cubeide_1.4.0/stm32cubeide/plugins/com.st.stm32cube.ide.mcu.externaltools.gnu-tools-for-stm32.7-2018-q2-update.win32_1.4.0.202007081208/tools/bin/../lib/gcc/arm-none-eabi/7.3.1/../../../../arm-none-eabi/lib/thumb/v7e-m/fpv4-sp/hard\libc_nano.a(lib_a-impure.o)
                              c:/st/stm32cubeide_1.4.0/stm32cubeide/plugins/com.st.stm32cube.ide.mcu.externaltools.gnu-tools-for-stm32.7-2018-q2-update.win32_1.4.0.202007081208/tools/bin/../lib/gcc/arm-none-eabi/7.3.1/../../../../arm-none-eabi/lib/thumb/v7e-m/fpv4-sp/hard\libc_nano.a(lib_a-exit.o) (_global_impure_ptr)
c:/st/stm32cubeide_1.4.0/stm32cubeide/plugins/com.st.stm32cube.ide.mcu.externaltools.gnu-tools-for-stm32.7-2018-q2-update.win32_1.4.0.202007081208/tools/bin/../lib/gcc/arm-none-eabi/7.3.1/../../../../arm-none-eabi/lib/thumb/v7e-m/fpv4-sp/hard\libc_nano.a(lib_a-init.o)
                              c:/st/stm32cubeide_1.4.0/stm32cubeide/plugins/com.st.stm32cube.ide.mcu.externaltools.gnu-tools-for-stm32.7-2018-q2-update.win32_1.4.0.202007081208/tools/bin/../lib/gcc/arm-none-eabi/7.3.1/../../../../arm-none-eabi/lib/thumb/v7e-m/fpv4-sp/hard/crt0.o (__libc_init_array)
c:/st/stm32cubeide_1.4.0/stm32cubeide/plugins/com.st.stm32cube.ide.mcu.externaltools.gnu-tools-for-stm32.7-2018-q2-update.win32_1.4.0.202007081208/tools/bin/../lib/gcc/arm-none-eabi/7.3.1/../../../../arm-none-eabi/lib/thumb/v7e-m/fpv4-sp/hard\libc_nano.a(lib_a-memset.o)
                              c:/st/stm32cubeide_1.4.0/stm32cubeide/plugins/com.st.stm32cube.ide.mcu.externaltools.gnu-tools-for-stm32.7-2018-q2-update.win32_1.4.0.202007081208/tools/bin/../lib/gcc/arm-none-eabi/7.3.1/../../../../arm-none-eabi/lib/thumb/v7e-m/fpv4-sp/hard/crt0.o (memset)

Allocating common symbols
Common symbol       size              file

Timing              0x8               Src/OS/RTOS_Program.o
Global_SPI_Config   0x4               Src/MCAL/SPI/SPI.o
Global_uint8_GroupSelection
                    0x1               Src/MCAL/NVIC/NVIC_Program.o

Discarded input sections

 .text          0x0000000000000000        0x0 c:/st/stm32cubeide_1.4.0/stm32cubeide/plugins/com.st.stm32cube.ide.mcu.externaltools.gnu-tools-for-stm32.7-2018-q2-update.win32_1.4.0.202007081208/tools/bin/../lib/gcc/arm-none-eabi/7.3.1/thumb/v7e-m/fpv4-sp/hard/crti.o
 .data          0x0000000000000000        0x0 c:/st/stm32cubeide_1.4.0/stm32cubeide/plugins/com.st.stm32cube.ide.mcu.externaltools.gnu-tools-for-stm32.7-2018-q2-update.win32_1.4.0.202007081208/tools/bin/../lib/gcc/arm-none-eabi/7.3.1/thumb/v7e-m/fpv4-sp/hard/crti.o
 .bss           0x0000000000000000        0x0 c:/st/stm32cubeide_1.4.0/stm32cubeide/plugins/com.st.stm32cube.ide.mcu.externaltools.gnu-tools-for-stm32.7-2018-q2-update.win32_1.4.0.202007081208/tools/bin/../lib/gcc/arm-none-eabi/7.3.1/thumb/v7e-m/fpv4-sp/hard/crti.o
 .data          0x0000000000000000        0x4 c:/st/stm32cubeide_1.4.0/stm32cubeide/plugins/com.st.stm32cube.ide.mcu.externaltools.gnu-tools-for-stm32.7-2018-q2-update.win32_1.4.0.202007081208/tools/bin/../lib/gcc/arm-none-eabi/7.3.1/thumb/v7e-m/fpv4-sp/hard/crtbegin.o
 .text          0x0000000000000000       0x74 c:/st/stm32cubeide_1.4.0/stm32cubeide/plugins/com.st.stm32cube.ide.mcu.externaltools.gnu-tools-for-stm32.7-2018-q2-update.win32_1.4.0.202007081208/tools/bin/../lib/gcc/arm-none-eabi/7.3.1/../../../../arm-none-eabi/lib/thumb/v7e-m/fpv4-sp/hard/crt0.o
 .data          0x0000000000000000        0x0 c:/st/stm32cubeide_1.4.0/stm32cubeide/plugins/com.st.stm32cube.ide.mcu.externaltools.gnu-tools-for-stm32.7-2018-q2-update.win32_1.4.0.202007081208/tools/bin/../lib/gcc/arm-none-eabi/7.3.1/../../../../arm-none-eabi/lib/thumb/v7e-m/fpv4-sp/hard/crt0.o
 .bss           0x0000000000000000        0x0 c:/st/stm32cubeide_1.4.0/stm32cubeide/plugins/com.st.stm32cube.ide.mcu.externaltools.gnu-tools-for-stm32.7-2018-q2-update.win32_1.4.0.202007081208/tools/bin/../lib/gcc/arm-none-eabi/7.3.1/../../../../arm-none-eabi/lib/thumb/v7e-m/fpv4-sp/hard/crt0.o
 .ARM.extab     0x0000000000000000        0x0 c:/st/stm32cubeide_1.4.0/stm32cubeide/plugins/com.st.stm32cube.ide.mcu.externaltools.gnu-tools-for-stm32.7-2018-q2-update.win32_1.4.0.202007081208/tools/bin/../lib/gcc/arm-none-eabi/7.3.1/../../../../arm-none-eabi/lib/thumb/v7e-m/fpv4-sp/hard/crt0.o
 .ARM.exidx     0x0000000000000000        0x8 c:/st/stm32cubeide_1.4.0/stm32cubeide/plugins/com.st.stm32cube.ide.mcu.externaltools.gnu-tools-for-stm32.7-2018-q2-update.win32_1.4.0.202007081208/tools/bin/../lib/gcc/arm-none-eabi/7.3.1/../../../../arm-none-eabi/lib/thumb/v7e-m/fpv4-sp/hard/crt0.o
 .ARM.attributes
                0x0000000000000000       0x20 c:/st/stm32cubeide_1.4.0/stm32cubeide/plugins/com.st.stm32cube.ide.mcu.externaltools.gnu-tools-for-stm32.7-2018-q2-update.win32_1.4.0.202007081208/tools/bin/../lib/gcc/arm-none-eabi/7.3.1/../../../../arm-none-eabi/lib/thumb/v7e-m/fpv4-sp/hard/crt0.o
 .group         0x0000000000000000        0xc Src/MCAL/EXTI/EXTI.o
 .group         0x0000000000000000        0xc Src/MCAL/EXTI/EXTI.o
 .group         0x0000000000000000        0xc Src/MCAL/EXTI/EXTI.o
 .group         0x0000000000000000        0xc Src/MCAL/EXTI/EXTI.o
 .text          0x0000000000000000        0x0 Src/MCAL/EXTI/EXTI.o
 .data          0x0000000000000000        0x0 Src/MCAL/EXTI/EXTI.o
 .bss           0x0000000000000000        0x0 Src/MCAL/EXTI/EXTI.o
 .text.MCAL_EXTI_Disable
                0x0000000000000000       0x34 Src/MCAL/EXTI/EXTI.o
 .group         0x0000000000000000        0xc Src/MCAL/GPIO/GPIO.o
 .group         0x0000000000000000        0xc Src/MCAL/GPIO/GPIO.o
 .group         0x0000000000000000        0xc Src/MCAL/GPIO/GPIO.o
 .group         0x0000000000000000        0xc Src/MCAL/GPIO/GPIO.o
 .group         0x0000000000000000        0xc Src/MCAL/GPIO/GPIO.o
 .text          0x0000000000000000        0x0 Src/MCAL/GPIO/GPIO.o
 .data          0x0000000000000000        0x0 Src/MCAL/GPIO/GPIO.o
 .bss           0x0000000000000000        0x0 Src/MCAL/GPIO/GPIO.o
 .text.MCAL_GPIOx_Pin_Write
                0x0000000000000000       0x50 Src/MCAL/GPIO/GPIO.o
 .text.MCAL_GPIOx_Pin_Read
                0x0000000000000000       0x36 Src/MCAL/GPIO/GPIO.o
 .text.MCAL_GPIOx_Port_Write
                0x0000000000000000       0x1e Src/MCAL/GPIO/GPIO.o
 .debug_macro   0x0000000000000000      0xa60 Src/MCAL/GPIO/GPIO.o
 .debug_macro   0x0000000000000000       0x2e Src/MCAL/GPIO/GPIO.o
 .debug_macro   0x0000000000000000       0x10 Src/MCAL/GPIO/GPIO.o
 .group         0x0000000000000000        0xc Src/MCAL/NVIC/NVIC_Program.o
 .group         0x0000000000000000        0xc Src/MCAL/NVIC/NVIC_Program.o
 .group         0x0000000000000000        0xc Src/MCAL/NVIC/NVIC_Program.o
 .group         0x0000000000000000        0xc Src/MCAL/NVIC/NVIC_Program.o
 .text          0x0000000000000000        0x0 Src/MCAL/NVIC/NVIC_Program.o
 .data          0x0000000000000000        0x0 Src/MCAL/NVIC/NVIC_Program.o
 .bss           0x0000000000000000        0x0 Src/MCAL/NVIC/NVIC_Program.o
 .text.MCAL_NVIC_DisableIRQ
                0x0000000000000000       0xa4 Src/MCAL/NVIC/NVIC_Program.o
 .text.MCAL_NVIC_SetPendingIRQ
                0x0000000000000000       0xa4 Src/MCAL/NVIC/NVIC_Program.o
 .text.MCAL_NVIC_ClearPendingIRQ
                0x0000000000000000       0xa4 Src/MCAL/NVIC/NVIC_Program.o
 .text.MCAL_NVIC_IsActive
                0x0000000000000000       0xa4 Src/MCAL/NVIC/NVIC_Program.o
 .text.MCAL_NVIC_SetGroupMode
                0x0000000000000000       0x48 Src/MCAL/NVIC/NVIC_Program.o
 .text.MCAL_NVIC_SetPriority
                0x0000000000000000      0x190 Src/MCAL/NVIC/NVIC_Program.o
 .debug_macro   0x0000000000000000      0xa60 Src/MCAL/NVIC/NVIC_Program.o
 .debug_macro   0x0000000000000000       0x10 Src/MCAL/NVIC/NVIC_Program.o
 .debug_macro   0x0000000000000000       0x2e Src/MCAL/NVIC/NVIC_Program.o
 COMMON         0x0000000000000000        0x1 Src/MCAL/NVIC/NVIC_Program.o
 .group         0x0000000000000000        0xc Src/MCAL/RCC/RCC.o
 .group         0x0000000000000000        0xc Src/MCAL/RCC/RCC.o
 .group         0x0000000000000000        0xc Src/MCAL/RCC/RCC.o
 .group         0x0000000000000000        0xc Src/MCAL/RCC/RCC.o
 .group         0x0000000000000000        0xc Src/MCAL/RCC/RCC.o
 .text          0x0000000000000000        0x0 Src/MCAL/RCC/RCC.o
 .data          0x0000000000000000        0x0 Src/MCAL/RCC/RCC.o
 .bss           0x0000000000000000        0x0 Src/MCAL/RCC/RCC.o
 .text.MCAL_RCC_voidPeripheral_DIS
                0x0000000000000000       0x94 Src/MCAL/RCC/RCC.o
 .rodata.APB1_prescale
                0x0000000000000000        0x8 Src/MCAL/RCC/RCC.o
 .rodata.APB2_prescale
                0x0000000000000000        0x8 Src/MCAL/RCC/RCC.o
 .rodata.AHB_prescale
                0x0000000000000000       0x10 Src/MCAL/RCC/RCC.o
 .text.MCAL_Get_SysClk
                0x0000000000000000       0x3c Src/MCAL/RCC/RCC.o
 .text.MCAL_Get_AHB_CLK
                0x0000000000000000       0x28 Src/MCAL/RCC/RCC.o
 .text.MCAL_Get_APB1_CLK
                0x0000000000000000       0x28 Src/MCAL/RCC/RCC.o
 .text.MCAL_Get_APB2_CLK
                0x0000000000000000       0x28 Src/MCAL/RCC/RCC.o
 .debug_macro   0x0000000000000000      0xa60 Src/MCAL/RCC/RCC.o
 .debug_macro   0x0000000000000000       0x10 Src/MCAL/RCC/RCC.o
 .debug_macro   0x0000000000000000       0x2e Src/MCAL/RCC/RCC.o
 .group         0x0000000000000000        0xc Src/MCAL/SPI/SPI.o
 .group         0x0000000000000000        0xc Src/MCAL/SPI/SPI.o
 .group         0x0000000000000000        0xc Src/MCAL/SPI/SPI.o
 .group         0x0000000000000000        0xc Src/MCAL/SPI/SPI.o
 .group         0x0000000000000000        0xc Src/MCAL/SPI/SPI.o
 .text          0x0000000000000000        0x0 Src/MCAL/SPI/SPI.o
 .data          0x0000000000000000        0x0 Src/MCAL/SPI/SPI.o
 .bss           0x0000000000000000        0x0 Src/MCAL/SPI/SPI.o
 .text.MCAL_SPI_Init
                0x0000000000000000      0x100 Src/MCAL/SPI/SPI.o
 .text.MCAL_SPI_DeInit
                0x0000000000000000       0x14 Src/MCAL/SPI/SPI.o
 .text.MCAL_SPI_SendData
                0x0000000000000000       0x60 Src/MCAL/SPI/SPI.o
 .text.MCAL_SPI_ReceiveData
                0x0000000000000000       0x60 Src/MCAL/SPI/SPI.o
 .debug_macro   0x0000000000000000      0xa60 Src/MCAL/SPI/SPI.o
 .debug_macro   0x0000000000000000       0x10 Src/MCAL/SPI/SPI.o
 .debug_macro   0x0000000000000000       0x2e Src/MCAL/SPI/SPI.o
 .group         0x0000000000000000        0xc Src/MCAL/STK/STK.o
 .group         0x0000000000000000        0xc Src/MCAL/STK/STK.o
 .group         0x0000000000000000        0xc Src/MCAL/STK/STK.o
 .group         0x0000000000000000        0xc Src/MCAL/STK/STK.o
 .group         0x0000000000000000        0xc Src/MCAL/STK/STK.o
 .text          0x0000000000000000        0x0 Src/MCAL/STK/STK.o
 .data          0x0000000000000000        0x0 Src/MCAL/STK/STK.o
 .bss           0x0000000000000000        0x0 Src/MCAL/STK/STK.o
 .text.MCAL_SYSTK_voidInit
                0x0000000000000000       0x2c Src/MCAL/STK/STK.o
 .text.MCAL_SYSTK_voidSetPreload
                0x0000000000000000       0x30 Src/MCAL/STK/STK.o
 .text.MCAL_STK_u32GetRemaining
                0x0000000000000000       0x18 Src/MCAL/STK/STK.o
 .text.MCAL_STK_u32GetElapsed
                0x0000000000000000       0x1c Src/MCAL/STK/STK.o
 .text.MCAL_STK_u8ReadFlag
                0x0000000000000000       0x20 Src/MCAL/STK/STK.o
 .text.MCAL_STK_voidDelayUsec
                0x0000000000000000       0x44 Src/MCAL/STK/STK.o
 .text.MCAL_STK_voidDelayMsec
                0x0000000000000000       0x48 Src/MCAL/STK/STK.o
 .text.MCAL_STK_voidCallBack
                0x0000000000000000       0x20 Src/MCAL/STK/STK.o
 .text.MSTK_vSetInterval_periodic
                0x0000000000000000       0x3c Src/MCAL/STK/STK.o
 .debug_macro   0x0000000000000000      0xa60 Src/MCAL/STK/STK.o
 .debug_macro   0x0000000000000000       0x10 Src/MCAL/STK/STK.o
 .debug_macro   0x0000000000000000       0x2e Src/MCAL/STK/STK.o
 .group         0x0000000000000000        0xc Src/MCAL/USART/USART.o
 .group         0x0000000000000000        0xc Src/MCAL/USART/USART.o
 .group         0x0000000000000000        0xc Src/MCAL/USART/USART.o
 .group         0x0000000000000000        0xc Src/MCAL/USART/USART.o
 .group         0x0000000000000000        0xc Src/MCAL/USART/USART.o
 .text          0x0000000000000000        0x0 Src/MCAL/USART/USART.o
 .data          0x0000000000000000        0x0 Src/MCAL/USART/USART.o
 .bss           0x0000000000000000        0x0 Src/MCAL/USART/USART.o
 .bss.GlobalcallBack
                0x0000000000000000        0x4 Src/MCAL/USART/USART.o
 .bss.GLOBAL_UART_Config
                0x0000000000000000        0x4 Src/MCAL/USART/USART.o
 .text.MCAL_UART_Init
                0x0000000000000000      0x118 Src/MCAL/USART/USART.o
 .text.MCAL_UART_SendData
                0x0000000000000000       0x58 Src/MCAL/USART/USART.o
 .text.MCAL_UART_ReceiveData
                0x0000000000000000       0x68 Src/MCAL/USART/USART.o
 .debug_info    0x0000000000000000      0x2e9 Src/MCAL/USART/USART.o
 .debug_abbrev  0x0000000000000000      0x121 Src/MCAL/USART/USART.o
 .debug_aranges
                0x0000000000000000       0x30 Src/MCAL/USART/USART.o
 .debug_ranges  0x0000000000000000       0x20 Src/MCAL/USART/USART.o
 .debug_macro   0x0000000000000000       0x41 Src/MCAL/USART/USART.o
 .debug_macro   0x0000000000000000      0xa60 Src/MCAL/USART/USART.o
 .debug_macro   0x0000000000000000       0x10 Src/MCAL/USART/USART.o
 .debug_macro   0x0000000000000000       0x28 Src/MCAL/USART/USART.o
 .debug_macro   0x0000000000000000       0x2e Src/MCAL/USART/USART.o
 .debug_macro   0x0000000000000000       0xd6 Src/MCAL/USART/USART.o
 .debug_line    0x0000000000000000      0x105 Src/MCAL/USART/USART.o
 .debug_str     0x0000000000000000     0x3687 Src/MCAL/USART/USART.o
 .comment       0x0000000000000000       0x7c Src/MCAL/USART/USART.o
 .debug_frame   0x0000000000000000       0x84 Src/MCAL/USART/USART.o
 .ARM.attributes
                0x0000000000000000       0x39 Src/MCAL/USART/USART.o
 .group         0x0000000000000000        0xc Src/OS/RTOS_Program.o
 .group         0x0000000000000000        0xc Src/OS/RTOS_Program.o
 .group         0x0000000000000000        0xc Src/OS/RTOS_Program.o
 .group         0x0000000000000000        0xc Src/OS/RTOS_Program.o
 .text          0x0000000000000000        0x0 Src/OS/RTOS_Program.o
 .data          0x0000000000000000        0x0 Src/OS/RTOS_Program.o
 .bss           0x0000000000000000        0x0 Src/OS/RTOS_Program.o
 .bss.SystemTasks
                0x0000000000000000       0x40 Src/OS/RTOS_Program.o
 .bss.Empty     0x0000000000000000        0x8 Src/OS/RTOS_Program.o
 .text.RTOS_uint8_tCreateTask
                0x0000000000000000       0x7c Src/OS/RTOS_Program.o
 .text.scheduler
                0x0000000000000000       0x7c Src/OS/RTOS_Program.o
 .text.RTos_DeleteTask
                0x0000000000000000       0x4c Src/OS/RTOS_Program.o
 .text.Rtos_Suspend
                0x0000000000000000       0x40 Src/OS/RTOS_Program.o
 .text.Rtos_ResumeTask
                0x0000000000000000       0x40 Src/OS/RTOS_Program.o
 .text.Start_OS
                0x0000000000000000       0x14 Src/OS/RTOS_Program.o
 .debug_info    0x0000000000000000      0x27c Src/OS/RTOS_Program.o
 .debug_abbrev  0x0000000000000000      0x129 Src/OS/RTOS_Program.o
 .debug_aranges
                0x0000000000000000       0x48 Src/OS/RTOS_Program.o
 .debug_ranges  0x0000000000000000       0x38 Src/OS/RTOS_Program.o
 .debug_macro   0x0000000000000000       0x58 Src/OS/RTOS_Program.o
 .debug_macro   0x0000000000000000      0xa60 Src/OS/RTOS_Program.o
 .debug_macro   0x0000000000000000       0x10 Src/OS/RTOS_Program.o
 .debug_macro   0x0000000000000000       0x2e Src/OS/RTOS_Program.o
 .debug_macro   0x0000000000000000       0x16 Src/OS/RTOS_Program.o
 .debug_line    0x0000000000000000      0x19d Src/OS/RTOS_Program.o
 .debug_str     0x0000000000000000     0x301a Src/OS/RTOS_Program.o
 .comment       0x0000000000000000       0x7c Src/OS/RTOS_Program.o
 .debug_frame   0x0000000000000000       0xf0 Src/OS/RTOS_Program.o
 .ARM.attributes
                0x0000000000000000       0x39 Src/OS/RTOS_Program.o
 COMMON         0x0000000000000000        0x8 Src/OS/RTOS_Program.o
 .group         0x0000000000000000        0xc Src/main.o
 .group         0x0000000000000000        0xc Src/main.o
 .group         0x0000000000000000        0xc Src/main.o
 .group         0x0000000000000000        0xc Src/main.o
 .group         0x0000000000000000        0xc Src/main.o
 .group         0x0000000000000000        0xc Src/main.o
 .group         0x0000000000000000        0xc Src/main.o
 .text          0x0000000000000000        0x0 Src/main.o
 .data          0x0000000000000000        0x0 Src/main.o
 .bss           0x0000000000000000        0x0 Src/main.o
 .debug_macro   0x0000000000000000      0xa60 Src/main.o
 .debug_macro   0x0000000000000000       0x10 Src/main.o
 .debug_macro   0x0000000000000000       0x2e Src/main.o
 .debug_macro   0x0000000000000000      0x11e Src/main.o
 .debug_macro   0x0000000000000000       0x2e Src/main.o
 .group         0x0000000000000000        0xc Src/syscalls.o
 .group         0x0000000000000000        0xc Src/syscalls.o
 .group         0x0000000000000000        0xc Src/syscalls.o
 .group         0x0000000000000000        0xc Src/syscalls.o
 .group         0x0000000000000000        0xc Src/syscalls.o
 .group         0x0000000000000000        0xc Src/syscalls.o
 .group         0x0000000000000000        0xc Src/syscalls.o
 .group         0x0000000000000000        0xc Src/syscalls.o
 .group         0x0000000000000000        0xc Src/syscalls.o
 .group         0x0000000000000000        0xc Src/syscalls.o
 .group         0x0000000000000000        0xc Src/syscalls.o
 .group         0x0000000000000000        0xc Src/syscalls.o
 .group         0x0000000000000000        0xc Src/syscalls.o
 .group         0x0000000000000000        0xc Src/syscalls.o
 .group         0x0000000000000000        0xc Src/syscalls.o
 .group         0x0000000000000000        0xc Src/syscalls.o
 .group         0x0000000000000000        0xc Src/syscalls.o
 .group         0x0000000000000000        0xc Src/syscalls.o
 .group         0x0000000000000000        0xc Src/syscalls.o
 .group         0x0000000000000000        0xc Src/syscalls.o
 .group         0x0000000000000000        0xc Src/syscalls.o
 .group         0x0000000000000000        0xc Src/syscalls.o
 .group         0x0000000000000000        0xc Src/syscalls.o
 .group         0x0000000000000000        0xc Src/syscalls.o
 .group         0x0000000000000000        0xc Src/syscalls.o
 .group         0x0000000000000000        0xc Src/syscalls.o
 .group         0x0000000000000000        0xc Src/syscalls.o
 .group         0x0000000000000000        0xc Src/syscalls.o
 .group         0x0000000000000000        0xc Src/syscalls.o
 .group         0x0000000000000000        0xc Src/syscalls.o
 .group         0x0000000000000000        0xc Src/syscalls.o
 .group         0x0000000000000000        0xc Src/syscalls.o
 .group         0x0000000000000000        0xc Src/syscalls.o
 .group         0x0000000000000000        0xc Src/syscalls.o
 .group         0x0000000000000000        0xc Src/syscalls.o
 .group         0x0000000000000000        0xc Src/syscalls.o
 .group         0x0000000000000000        0xc Src/syscalls.o
 .group         0x0000000000000000        0xc Src/syscalls.o
 .group         0x0000000000000000        0xc Src/syscalls.o
 .group         0x0000000000000000        0xc Src/syscalls.o
 .group         0x0000000000000000        0xc Src/syscalls.o
 .group         0x0000000000000000        0xc Src/syscalls.o
 .group         0x0000000000000000        0xc Src/syscalls.o
 .group         0x0000000000000000        0xc Src/syscalls.o
 .text          0x0000000000000000        0x0 Src/syscalls.o
 .data          0x0000000000000000        0x0 Src/syscalls.o
 .bss           0x0000000000000000        0x0 Src/syscalls.o
 .bss.__env     0x0000000000000000        0x4 Src/syscalls.o
 .data.environ  0x0000000000000000        0x4 Src/syscalls.o
 .text.initialise_monitor_handles
                0x0000000000000000        0xe Src/syscalls.o
 .text._getpid  0x0000000000000000       0x10 Src/syscalls.o
 .text._kill    0x0000000000000000       0x20 Src/syscalls.o
 .text._exit    0x0000000000000000       0x14 Src/syscalls.o
 .text._read    0x0000000000000000       0x3a Src/syscalls.o
 .text._write   0x0000000000000000       0x38 Src/syscalls.o
 .text._close   0x0000000000000000       0x18 Src/syscalls.o
 .text._fstat   0x0000000000000000       0x20 Src/syscalls.o
 .text._isatty  0x0000000000000000       0x16 Src/syscalls.o
 .text._lseek   0x0000000000000000       0x1a Src/syscalls.o
 .text._open    0x0000000000000000       0x1c Src/syscalls.o
 .text._wait    0x0000000000000000       0x1e Src/syscalls.o
 .text._unlink  0x0000000000000000       0x1e Src/syscalls.o
 .text._times   0x0000000000000000       0x18 Src/syscalls.o
 .text._stat    0x0000000000000000       0x20 Src/syscalls.o
 .text._link    0x0000000000000000       0x20 Src/syscalls.o
 .text._fork    0x0000000000000000       0x16 Src/syscalls.o
 .text._execve  0x0000000000000000       0x22 Src/syscalls.o
 .debug_info    0x0000000000000000      0xebd Src/syscalls.o
 .debug_abbrev  0x0000000000000000      0x261 Src/syscalls.o
 .debug_aranges
                0x0000000000000000       0xa8 Src/syscalls.o
 .debug_ranges  0x0000000000000000       0x98 Src/syscalls.o
 .debug_macro   0x0000000000000000      0x243 Src/syscalls.o
 .debug_macro   0x0000000000000000      0xa60 Src/syscalls.o
 .debug_macro   0x0000000000000000       0x22 Src/syscalls.o
 .debug_macro   0x0000000000000000       0x40 Src/syscalls.o
 .debug_macro   0x0000000000000000       0x18 Src/syscalls.o
 .debug_macro   0x0000000000000000       0x94 Src/syscalls.o
 .debug_macro   0x0000000000000000       0x3c Src/syscalls.o
 .debug_macro   0x0000000000000000       0x34 Src/syscalls.o
 .debug_macro   0x0000000000000000       0x57 Src/syscalls.o
 .debug_macro   0x0000000000000000      0x174 Src/syscalls.o
 .debug_macro   0x0000000000000000      0x330 Src/syscalls.o
 .debug_macro   0x0000000000000000       0x52 Src/syscalls.o
 .debug_macro   0x0000000000000000       0x1f Src/syscalls.o
 .debug_macro   0x0000000000000000       0x43 Src/syscalls.o
 .debug_macro   0x0000000000000000       0x20 Src/syscalls.o
 .debug_macro   0x0000000000000000      0x1a3 Src/syscalls.o
 .debug_macro   0x0000000000000000       0x10 Src/syscalls.o
 .debug_macro   0x0000000000000000       0x35 Src/syscalls.o
 .debug_macro   0x0000000000000000       0x10 Src/syscalls.o
 .debug_macro   0x0000000000000000       0x10 Src/syscalls.o
 .debug_macro   0x0000000000000000       0x10 Src/syscalls.o
 .debug_macro   0x0000000000000000       0x6a Src/syscalls.o
 .debug_macro   0x0000000000000000       0x1c Src/syscalls.o
 .debug_macro   0x0000000000000000       0x52 Src/syscalls.o
 .debug_macro   0x0000000000000000       0x40 Src/syscalls.o
 .debug_macro   0x0000000000000000       0x10 Src/syscalls.o
 .debug_macro   0x0000000000000000       0x40 Src/syscalls.o
 .debug_macro   0x0000000000000000       0xd7 Src/syscalls.o
 .debug_macro   0x0000000000000000       0x1c Src/syscalls.o
 .debug_macro   0x0000000000000000       0x3d Src/syscalls.o
 .debug_macro   0x0000000000000000       0x35 Src/syscalls.o
 .debug_macro   0x0000000000000000      0x122 Src/syscalls.o
 .debug_macro   0x0000000000000000       0x16 Src/syscalls.o
 .debug_macro   0x0000000000000000       0x16 Src/syscalls.o
 .debug_macro   0x0000000000000000       0x29 Src/syscalls.o
 .debug_macro   0x0000000000000000       0x10 Src/syscalls.o
 .debug_macro   0x0000000000000000      0x241 Src/syscalls.o
 .debug_macro   0x0000000000000000       0x1c Src/syscalls.o
 .debug_macro   0x0000000000000000       0x10 Src/syscalls.o
 .debug_macro   0x0000000000000000       0x10 Src/syscalls.o
 .debug_macro   0x0000000000000000       0x16 Src/syscalls.o
 .debug_macro   0x0000000000000000      0x145 Src/syscalls.o
 .debug_macro   0x0000000000000000      0x189 Src/syscalls.o
 .debug_macro   0x0000000000000000       0x16 Src/syscalls.o
 .debug_macro   0x0000000000000000       0x88 Src/syscalls.o
 .debug_line    0x0000000000000000      0x739 Src/syscalls.o
 .debug_str     0x0000000000000000     0x887e Src/syscalls.o
 .comment       0x0000000000000000       0x7c Src/syscalls.o
 .debug_frame   0x0000000000000000      0x2ac Src/syscalls.o
 .ARM.attributes
                0x0000000000000000       0x39 Src/syscalls.o
 .group         0x0000000000000000        0xc Src/sysmem.o
 .group         0x0000000000000000        0xc Src/sysmem.o
 .group         0x0000000000000000        0xc Src/sysmem.o
 .group         0x0000000000000000        0xc Src/sysmem.o
 .group         0x0000000000000000        0xc Src/sysmem.o
 .group         0x0000000000000000        0xc Src/sysmem.o
 .group         0x0000000000000000        0xc Src/sysmem.o
 .group         0x0000000000000000        0xc Src/sysmem.o
 .group         0x0000000000000000        0xc Src/sysmem.o
 .group         0x0000000000000000        0xc Src/sysmem.o
 .group         0x0000000000000000        0xc Src/sysmem.o
 .group         0x0000000000000000        0xc Src/sysmem.o
 .group         0x0000000000000000        0xc Src/sysmem.o
 .group         0x0000000000000000        0xc Src/sysmem.o
 .group         0x0000000000000000        0xc Src/sysmem.o
 .group         0x0000000000000000        0xc Src/sysmem.o
 .group         0x0000000000000000        0xc Src/sysmem.o
 .group         0x0000000000000000        0xc Src/sysmem.o
 .group         0x0000000000000000        0xc Src/sysmem.o
 .text          0x0000000000000000        0x0 Src/sysmem.o
 .data          0x0000000000000000        0x0 Src/sysmem.o
 .bss           0x0000000000000000        0x0 Src/sysmem.o
 .bss.__sbrk_heap_end
                0x0000000000000000        0x4 Src/sysmem.o
 .text._sbrk    0x0000000000000000       0x6c Src/sysmem.o
 .debug_info    0x0000000000000000      0x985 Src/sysmem.o
 .debug_abbrev  0x0000000000000000      0x19b Src/sysmem.o
 .debug_aranges
                0x0000000000000000       0x20 Src/sysmem.o
 .debug_ranges  0x0000000000000000       0x10 Src/sysmem.o
 .debug_macro   0x0000000000000000       0xee Src/sysmem.o
 .debug_macro   0x0000000000000000      0xa60 Src/sysmem.o
 .debug_macro   0x0000000000000000       0x10 Src/sysmem.o
 .debug_macro   0x0000000000000000       0x22 Src/sysmem.o
 .debug_macro   0x0000000000000000       0x40 Src/sysmem.o
 .debug_macro   0x0000000000000000       0x18 Src/sysmem.o
 .debug_macro   0x0000000000000000       0x94 Src/sysmem.o
 .debug_macro   0x0000000000000000       0x3c Src/sysmem.o
 .debug_macro   0x0000000000000000       0x34 Src/sysmem.o
 .debug_macro   0x0000000000000000      0x174 Src/sysmem.o
 .debug_macro   0x0000000000000000       0x57 Src/sysmem.o
 .debug_macro   0x0000000000000000       0x52 Src/sysmem.o
 .debug_macro   0x0000000000000000       0x1f Src/sysmem.o
 .debug_macro   0x0000000000000000       0x43 Src/sysmem.o
 .debug_macro   0x0000000000000000       0x20 Src/sysmem.o
 .debug_macro   0x0000000000000000      0x1a3 Src/sysmem.o
 .debug_macro   0x0000000000000000      0x23b Src/sysmem.o
 .debug_macro   0x0000000000000000       0xef Src/sysmem.o
 .debug_macro   0x0000000000000000       0x6a Src/sysmem.o
 .debug_macro   0x0000000000000000      0x1df Src/sysmem.o
 .debug_line    0x0000000000000000      0x4c2 Src/sysmem.o
 .debug_str     0x0000000000000000     0x5f4c Src/sysmem.o
 .comment       0x0000000000000000       0x7c Src/sysmem.o
 .debug_frame   0x0000000000000000       0x34 Src/sysmem.o
 .ARM.attributes
                0x0000000000000000       0x39 Src/sysmem.o
 .text          0x0000000000000000       0x14 Startup/startup_stm32f401ccux.o
 .data          0x0000000000000000        0x0 Startup/startup_stm32f401ccux.o
 .bss           0x0000000000000000        0x0 Startup/startup_stm32f401ccux.o
 .text          0x0000000000000000        0x0 c:/st/stm32cubeide_1.4.0/stm32cubeide/plugins/com.st.stm32cube.ide.mcu.externaltools.gnu-tools-for-stm32.7-2018-q2-update.win32_1.4.0.202007081208/tools/bin/../lib/gcc/arm-none-eabi/7.3.1/../../../../arm-none-eabi/lib/thumb/v7e-m/fpv4-sp/hard\libc_nano.a(lib_a-errno.o)
 .data          0x0000000000000000        0x0 c:/st/stm32cubeide_1.4.0/stm32cubeide/plugins/com.st.stm32cube.ide.mcu.externaltools.gnu-tools-for-stm32.7-2018-q2-update.win32_1.4.0.202007081208/tools/bin/../lib/gcc/arm-none-eabi/7.3.1/../../../../arm-none-eabi/lib/thumb/v7e-m/fpv4-sp/hard\libc_nano.a(lib_a-errno.o)
 .bss           0x0000000000000000        0x0 c:/st/stm32cubeide_1.4.0/stm32cubeide/plugins/com.st.stm32cube.ide.mcu.externaltools.gnu-tools-for-stm32.7-2018-q2-update.win32_1.4.0.202007081208/tools/bin/../lib/gcc/arm-none-eabi/7.3.1/../../../../arm-none-eabi/lib/thumb/v7e-m/fpv4-sp/hard\libc_nano.a(lib_a-errno.o)
 .text.__errno  0x0000000000000000        0xc c:/st/stm32cubeide_1.4.0/stm32cubeide/plugins/com.st.stm32cube.ide.mcu.externaltools.gnu-tools-for-stm32.7-2018-q2-update.win32_1.4.0.202007081208/tools/bin/../lib/gcc/arm-none-eabi/7.3.1/../../../../arm-none-eabi/lib/thumb/v7e-m/fpv4-sp/hard\libc_nano.a(lib_a-errno.o)
 .debug_frame   0x0000000000000000       0x20 c:/st/stm32cubeide_1.4.0/stm32cubeide/plugins/com.st.stm32cube.ide.mcu.externaltools.gnu-tools-for-stm32.7-2018-q2-update.win32_1.4.0.202007081208/tools/bin/../lib/gcc/arm-none-eabi/7.3.1/../../../../arm-none-eabi/lib/thumb/v7e-m/fpv4-sp/hard\libc_nano.a(lib_a-errno.o)
 .ARM.attributes
                0x0000000000000000       0x34 c:/st/stm32cubeide_1.4.0/stm32cubeide/plugins/com.st.stm32cube.ide.mcu.externaltools.gnu-tools-for-stm32.7-2018-q2-update.win32_1.4.0.202007081208/tools/bin/../lib/gcc/arm-none-eabi/7.3.1/../../../../arm-none-eabi/lib/thumb/v7e-m/fpv4-sp/hard\libc_nano.a(lib_a-errno.o)
 .text          0x0000000000000000        0x0 c:/st/stm32cubeide_1.4.0/stm32cubeide/plugins/com.st.stm32cube.ide.mcu.externaltools.gnu-tools-for-stm32.7-2018-q2-update.win32_1.4.0.202007081208/tools/bin/../lib/gcc/arm-none-eabi/7.3.1/../../../../arm-none-eabi/lib/thumb/v7e-m/fpv4-sp/hard\libc_nano.a(lib_a-exit.o)
 .data          0x0000000000000000        0x0 c:/st/stm32cubeide_1.4.0/stm32cubeide/plugins/com.st.stm32cube.ide.mcu.externaltools.gnu-tools-for-stm32.7-2018-q2-update.win32_1.4.0.202007081208/tools/bin/../lib/gcc/arm-none-eabi/7.3.1/../../../../arm-none-eabi/lib/thumb/v7e-m/fpv4-sp/hard\libc_nano.a(lib_a-exit.o)
 .bss           0x0000000000000000        0x0 c:/st/stm32cubeide_1.4.0/stm32cubeide/plugins/com.st.stm32cube.ide.mcu.externaltools.gnu-tools-for-stm32.7-2018-q2-update.win32_1.4.0.202007081208/tools/bin/../lib/gcc/arm-none-eabi/7.3.1/../../../../arm-none-eabi/lib/thumb/v7e-m/fpv4-sp/hard\libc_nano.a(lib_a-exit.o)
 .text.exit     0x0000000000000000       0x28 c:/st/stm32cubeide_1.4.0/stm32cubeide/plugins/com.st.stm32cube.ide.mcu.externaltools.gnu-tools-for-stm32.7-2018-q2-update.win32_1.4.0.202007081208/tools/bin/../lib/gcc/arm-none-eabi/7.3.1/../../../../arm-none-eabi/lib/thumb/v7e-m/fpv4-sp/hard\libc_nano.a(lib_a-exit.o)
 .debug_frame   0x0000000000000000       0x28 c:/st/stm32cubeide_1.4.0/stm32cubeide/plugins/com.st.stm32cube.ide.mcu.externaltools.gnu-tools-for-stm32.7-2018-q2-update.win32_1.4.0.202007081208/tools/bin/../lib/gcc/arm-none-eabi/7.3.1/../../../../arm-none-eabi/lib/thumb/v7e-m/fpv4-sp/hard\libc_nano.a(lib_a-exit.o)
 .ARM.attributes
                0x0000000000000000       0x34 c:/st/stm32cubeide_1.4.0/stm32cubeide/plugins/com.st.stm32cube.ide.mcu.externaltools.gnu-tools-for-stm32.7-2018-q2-update.win32_1.4.0.202007081208/tools/bin/../lib/gcc/arm-none-eabi/7.3.1/../../../../arm-none-eabi/lib/thumb/v7e-m/fpv4-sp/hard\libc_nano.a(lib_a-exit.o)
 .text          0x0000000000000000        0x0 c:/st/stm32cubeide_1.4.0/stm32cubeide/plugins/com.st.stm32cube.ide.mcu.externaltools.gnu-tools-for-stm32.7-2018-q2-update.win32_1.4.0.202007081208/tools/bin/../lib/gcc/arm-none-eabi/7.3.1/../../../../arm-none-eabi/lib/thumb/v7e-m/fpv4-sp/hard\libc_nano.a(lib_a-impure.o)
 .data          0x0000000000000000        0x0 c:/st/stm32cubeide_1.4.0/stm32cubeide/plugins/com.st.stm32cube.ide.mcu.externaltools.gnu-tools-for-stm32.7-2018-q2-update.win32_1.4.0.202007081208/tools/bin/../lib/gcc/arm-none-eabi/7.3.1/../../../../arm-none-eabi/lib/thumb/v7e-m/fpv4-sp/hard\libc_nano.a(lib_a-impure.o)
 .bss           0x0000000000000000        0x0 c:/st/stm32cubeide_1.4.0/stm32cubeide/plugins/com.st.stm32cube.ide.mcu.externaltools.gnu-tools-for-stm32.7-2018-q2-update.win32_1.4.0.202007081208/tools/bin/../lib/gcc/arm-none-eabi/7.3.1/../../../../arm-none-eabi/lib/thumb/v7e-m/fpv4-sp/hard\libc_nano.a(lib_a-impure.o)
 .data._impure_ptr
                0x0000000000000000        0x4 c:/st/stm32cubeide_1.4.0/stm32cubeide/plugins/com.st.stm32cube.ide.mcu.externaltools.gnu-tools-for-stm32.7-2018-q2-update.win32_1.4.0.202007081208/tools/bin/../lib/gcc/arm-none-eabi/7.3.1/../../../../arm-none-eabi/lib/thumb/v7e-m/fpv4-sp/hard\libc_nano.a(lib_a-impure.o)
 .data.impure_data
                0x0000000000000000       0x60 c:/st/stm32cubeide_1.4.0/stm32cubeide/plugins/com.st.stm32cube.ide.mcu.externaltools.gnu-tools-for-stm32.7-2018-q2-update.win32_1.4.0.202007081208/tools/bin/../lib/gcc/arm-none-eabi/7.3.1/../../../../arm-none-eabi/lib/thumb/v7e-m/fpv4-sp/hard\libc_nano.a(lib_a-impure.o)
 .rodata._global_impure_ptr
                0x0000000000000000        0x4 c:/st/stm32cubeide_1.4.0/stm32cubeide/plugins/com.st.stm32cube.ide.mcu.externaltools.gnu-tools-for-stm32.7-2018-q2-update.win32_1.4.0.202007081208/tools/bin/../lib/gcc/arm-none-eabi/7.3.1/../../../../arm-none-eabi/lib/thumb/v7e-m/fpv4-sp/hard\libc_nano.a(lib_a-impure.o)
 .ARM.attributes
                0x0000000000000000       0x34 c:/st/stm32cubeide_1.4.0/stm32cubeide/plugins/com.st.stm32cube.ide.mcu.externaltools.gnu-tools-for-stm32.7-2018-q2-update.win32_1.4.0.202007081208/tools/bin/../lib/gcc/arm-none-eabi/7.3.1/../../../../arm-none-eabi/lib/thumb/v7e-m/fpv4-sp/hard\libc_nano.a(lib_a-impure.o)
 .text          0x0000000000000000        0x0 c:/st/stm32cubeide_1.4.0/stm32cubeide/plugins/com.st.stm32cube.ide.mcu.externaltools.gnu-tools-for-stm32.7-2018-q2-update.win32_1.4.0.202007081208/tools/bin/../lib/gcc/arm-none-eabi/7.3.1/../../../../arm-none-eabi/lib/thumb/v7e-m/fpv4-sp/hard\libc_nano.a(lib_a-init.o)
 .data          0x0000000000000000        0x0 c:/st/stm32cubeide_1.4.0/stm32cubeide/plugins/com.st.stm32cube.ide.mcu.externaltools.gnu-tools-for-stm32.7-2018-q2-update.win32_1.4.0.202007081208/tools/bin/../lib/gcc/arm-none-eabi/7.3.1/../../../../arm-none-eabi/lib/thumb/v7e-m/fpv4-sp/hard\libc_nano.a(lib_a-init.o)
 .bss           0x0000000000000000        0x0 c:/st/stm32cubeide_1.4.0/stm32cubeide/plugins/com.st.stm32cube.ide.mcu.externaltools.gnu-tools-for-stm32.7-2018-q2-update.win32_1.4.0.202007081208/tools/bin/../lib/gcc/arm-none-eabi/7.3.1/../../../../arm-none-eabi/lib/thumb/v7e-m/fpv4-sp/hard\libc_nano.a(lib_a-init.o)
 .text          0x0000000000000000        0x0 c:/st/stm32cubeide_1.4.0/stm32cubeide/plugins/com.st.stm32cube.ide.mcu.externaltools.gnu-tools-for-stm32.7-2018-q2-update.win32_1.4.0.202007081208/tools/bin/../lib/gcc/arm-none-eabi/7.3.1/../../../../arm-none-eabi/lib/thumb/v7e-m/fpv4-sp/hard\libc_nano.a(lib_a-memset.o)
 .data          0x0000000000000000        0x0 c:/st/stm32cubeide_1.4.0/stm32cubeide/plugins/com.st.stm32cube.ide.mcu.externaltools.gnu-tools-for-stm32.7-2018-q2-update.win32_1.4.0.202007081208/tools/bin/../lib/gcc/arm-none-eabi/7.3.1/../../../../arm-none-eabi/lib/thumb/v7e-m/fpv4-sp/hard\libc_nano.a(lib_a-memset.o)
 .bss           0x0000000000000000        0x0 c:/st/stm32cubeide_1.4.0/stm32cubeide/plugins/com.st.stm32cube.ide.mcu.externaltools.gnu-tools-for-stm32.7-2018-q2-update.win32_1.4.0.202007081208/tools/bin/../lib/gcc/arm-none-eabi/7.3.1/../../../../arm-none-eabi/lib/thumb/v7e-m/fpv4-sp/hard\libc_nano.a(lib_a-memset.o)
 .text.memset   0x0000000000000000       0x10 c:/st/stm32cubeide_1.4.0/stm32cubeide/plugins/com.st.stm32cube.ide.mcu.externaltools.gnu-tools-for-stm32.7-2018-q2-update.win32_1.4.0.202007081208/tools/bin/../lib/gcc/arm-none-eabi/7.3.1/../../../../arm-none-eabi/lib/thumb/v7e-m/fpv4-sp/hard\libc_nano.a(lib_a-memset.o)
 .debug_frame   0x0000000000000000       0x20 c:/st/stm32cubeide_1.4.0/stm32cubeide/plugins/com.st.stm32cube.ide.mcu.externaltools.gnu-tools-for-stm32.7-2018-q2-update.win32_1.4.0.202007081208/tools/bin/../lib/gcc/arm-none-eabi/7.3.1/../../../../arm-none-eabi/lib/thumb/v7e-m/fpv4-sp/hard\libc_nano.a(lib_a-memset.o)
 .ARM.attributes
                0x0000000000000000       0x34 c:/st/stm32cubeide_1.4.0/stm32cubeide/plugins/com.st.stm32cube.ide.mcu.externaltools.gnu-tools-for-stm32.7-2018-q2-update.win32_1.4.0.202007081208/tools/bin/../lib/gcc/arm-none-eabi/7.3.1/../../../../arm-none-eabi/lib/thumb/v7e-m/fpv4-sp/hard\libc_nano.a(lib_a-memset.o)
 .text          0x0000000000000000        0x0 c:/st/stm32cubeide_1.4.0/stm32cubeide/plugins/com.st.stm32cube.ide.mcu.externaltools.gnu-tools-for-stm32.7-2018-q2-update.win32_1.4.0.202007081208/tools/bin/../lib/gcc/arm-none-eabi/7.3.1/thumb/v7e-m/fpv4-sp/hard/crtend.o
 .data          0x0000000000000000        0x0 c:/st/stm32cubeide_1.4.0/stm32cubeide/plugins/com.st.stm32cube.ide.mcu.externaltools.gnu-tools-for-stm32.7-2018-q2-update.win32_1.4.0.202007081208/tools/bin/../lib/gcc/arm-none-eabi/7.3.1/thumb/v7e-m/fpv4-sp/hard/crtend.o
 .bss           0x0000000000000000        0x0 c:/st/stm32cubeide_1.4.0/stm32cubeide/plugins/com.st.stm32cube.ide.mcu.externaltools.gnu-tools-for-stm32.7-2018-q2-update.win32_1.4.0.202007081208/tools/bin/../lib/gcc/arm-none-eabi/7.3.1/thumb/v7e-m/fpv4-sp/hard/crtend.o
 .eh_frame      0x0000000000000000        0x4 c:/st/stm32cubeide_1.4.0/stm32cubeide/plugins/com.st.stm32cube.ide.mcu.externaltools.gnu-tools-for-stm32.7-2018-q2-update.win32_1.4.0.202007081208/tools/bin/../lib/gcc/arm-none-eabi/7.3.1/thumb/v7e-m/fpv4-sp/hard/crtend.o
 .ARM.attributes
                0x0000000000000000       0x34 c:/st/stm32cubeide_1.4.0/stm32cubeide/plugins/com.st.stm32cube.ide.mcu.externaltools.gnu-tools-for-stm32.7-2018-q2-update.win32_1.4.0.202007081208/tools/bin/../lib/gcc/arm-none-eabi/7.3.1/thumb/v7e-m/fpv4-sp/hard/crtend.o
 .text          0x0000000000000000        0x0 c:/st/stm32cubeide_1.4.0/stm32cubeide/plugins/com.st.stm32cube.ide.mcu.externaltools.gnu-tools-for-stm32.7-2018-q2-update.win32_1.4.0.202007081208/tools/bin/../lib/gcc/arm-none-eabi/7.3.1/thumb/v7e-m/fpv4-sp/hard/crtn.o
 .data          0x0000000000000000        0x0 c:/st/stm32cubeide_1.4.0/stm32cubeide/plugins/com.st.stm32cube.ide.mcu.externaltools.gnu-tools-for-stm32.7-2018-q2-update.win32_1.4.0.202007081208/tools/bin/../lib/gcc/arm-none-eabi/7.3.1/thumb/v7e-m/fpv4-sp/hard/crtn.o
 .bss           0x0000000000000000        0x0 c:/st/stm32cubeide_1.4.0/stm32cubeide/plugins/com.st.stm32cube.ide.mcu.externaltools.gnu-tools-for-stm32.7-2018-q2-update.win32_1.4.0.202007081208/tools/bin/../lib/gcc/arm-none-eabi/7.3.1/thumb/v7e-m/fpv4-sp/hard/crtn.o

Memory Configuration

Name             Origin             Length             Attributes
RAM              0x0000000020000000 0x0000000000010000 xrw
ROM              0x0000000008000000 0x0000000000040000 xr
*default*        0x0000000000000000 0xffffffffffffffff

Linker script and memory map

LOAD c:/st/stm32cubeide_1.4.0/stm32cubeide/plugins/com.st.stm32cube.ide.mcu.externaltools.gnu-tools-for-stm32.7-2018-q2-update.win32_1.4.0.202007081208/tools/bin/../lib/gcc/arm-none-eabi/7.3.1/thumb/v7e-m/fpv4-sp/hard/crti.o
LOAD c:/st/stm32cubeide_1.4.0/stm32cubeide/plugins/com.st.stm32cube.ide.mcu.externaltools.gnu-tools-for-stm32.7-2018-q2-update.win32_1.4.0.202007081208/tools/bin/../lib/gcc/arm-none-eabi/7.3.1/thumb/v7e-m/fpv4-sp/hard/crtbegin.o
LOAD c:/st/stm32cubeide_1.4.0/stm32cubeide/plugins/com.st.stm32cube.ide.mcu.externaltools.gnu-tools-for-stm32.7-2018-q2-update.win32_1.4.0.202007081208/tools/bin/../lib/gcc/arm-none-eabi/7.3.1/../../../../arm-none-eabi/lib/thumb/v7e-m/fpv4-sp/hard/crt0.o
LOAD Src/MCAL/EXTI/EXTI.o
LOAD Src/MCAL/GPIO/GPIO.o
LOAD Src/MCAL/NVIC/NVIC_Program.o
LOAD Src/MCAL/RCC/RCC.o
LOAD Src/MCAL/SPI/SPI.o
LOAD Src/MCAL/STK/STK.o
LOAD Src/MCAL/USART/USART.o
LOAD Src/OS/RTOS_Program.o
LOAD Src/main.o
LOAD Src/syscalls.o
LOAD Src/sysmem.o
LOAD Startup/startup_stm32f401ccux.o
START GROUP
LOAD c:/st/stm32cubeide_1.4.0/stm32cubeide/plugins/com.st.stm32cube.ide.mcu.externaltools.gnu-tools-for-stm32.7-2018-q2-update.win32_1.4.0.202007081208/tools/bin/../lib/gcc/arm-none-eabi/7.3.1/../../../../arm-none-eabi/lib/thumb/v7e-m/fpv4-sp/hard\libc_nano.a
LOAD c:/st/stm32cubeide_1.4.0/stm32cubeide/plugins/com.st.stm32cube.ide.mcu.externaltools.gnu-tools-for-stm32.7-2018-q2-update.win32_1.4.0.202007081208/tools/bin/../lib/gcc/arm-none-eabi/7.3.1/../../../../arm-none-eabi/lib/thumb/v7e-m/fpv4-sp/hard\libm.a
END GROUP
START GROUP
LOAD c:/st/stm32cubeide_1.4.0/stm32cubeide/plugins/com.st.stm32cube.ide.mcu.externaltools.gnu-tools-for-stm32.7-2018-q2-update.win32_1.4.0.202007081208/tools/bin/../lib/gcc/arm-none-eabi/7.3.1/thumb/v7e-m/fpv4-sp/hard\libgcc.a
LOAD c:/st/stm32cubeide_1.4.0/stm32cubeide/plugins/com.st.stm32cube.ide.mcu.externaltools.gnu-tools-for-stm32.7-2018-q2-update.win32_1.4.0.202007081208/tools/bin/../lib/gcc/arm-none-eabi/7.3.1/../../../../arm-none-eabi/lib/thumb/v7e-m/fpv4-sp/hard\libc_nano.a
END GROUP
START GROUP
LOAD c:/st/stm32cubeide_1.4.0/stm32cubeide/plugins/com.st.stm32cube.ide.mcu.externaltools.gnu-tools-for-stm32.7-2018-q2-update.win32_1.4.0.202007081208/tools/bin/../lib/gcc/arm-none-eabi/7.3.1/thumb/v7e-m/fpv4-sp/hard\libgcc.a
LOAD c:/st/stm32cubeide_1.4.0/stm32cubeide/plugins/com.st.stm32cube.ide.mcu.externaltools.gnu-tools-for-stm32.7-2018-q2-update.win32_1.4.0.202007081208/tools/bin/../lib/gcc/arm-none-eabi/7.3.1/../../../../arm-none-eabi/lib/thumb/v7e-m/fpv4-sp/hard\libc_nano.a
LOAD c:/st/stm32cubeide_1.4.0/stm32cubeide/plugins/com.st.stm32cube.ide.mcu.externaltools.gnu-tools-for-stm32.7-2018-q2-update.win32_1.4.0.202007081208/tools/bin/../lib/gcc/arm-none-eabi/7.3.1/../../../../arm-none-eabi/lib/thumb/v7e-m/fpv4-sp/hard\libnosys.a
END GROUP
START GROUP
LOAD c:/st/stm32cubeide_1.4.0/stm32cubeide/plugins/com.st.stm32cube.ide.mcu.externaltools.gnu-tools-for-stm32.7-2018-q2-update.win32_1.4.0.202007081208/tools/bin/../lib/gcc/arm-none-eabi/7.3.1/thumb/v7e-m/fpv4-sp/hard\libgcc.a
LOAD c:/st/stm32cubeide_1.4.0/stm32cubeide/plugins/com.st.stm32cube.ide.mcu.externaltools.gnu-tools-for-stm32.7-2018-q2-update.win32_1.4.0.202007081208/tools/bin/../lib/gcc/arm-none-eabi/7.3.1/../../../../arm-none-eabi/lib/thumb/v7e-m/fpv4-sp/hard\libc_nano.a
LOAD c:/st/stm32cubeide_1.4.0/stm32cubeide/plugins/com.st.stm32cube.ide.mcu.externaltools.gnu-tools-for-stm32.7-2018-q2-update.win32_1.4.0.202007081208/tools/bin/../lib/gcc/arm-none-eabi/7.3.1/../../../../arm-none-eabi/lib/thumb/v7e-m/fpv4-sp/hard\libnosys.a
END GROUP
LOAD c:/st/stm32cubeide_1.4.0/stm32cubeide/plugins/com.st.stm32cube.ide.mcu.externaltools.gnu-tools-for-stm32.7-2018-q2-update.win32_1.4.0.202007081208/tools/bin/../lib/gcc/arm-none-eabi/7.3.1/thumb/v7e-m/fpv4-sp/hard/crtend.o
LOAD c:/st/stm32cubeide_1.4.0/stm32cubeide/plugins/com.st.stm32cube.ide.mcu.externaltools.gnu-tools-for-stm32.7-2018-q2-update.win32_1.4.0.202007081208/tools/bin/../lib/gcc/arm-none-eabi/7.3.1/thumb/v7e-m/fpv4-sp/hard/crtn.o
                0x0000000020010000                _estack = (ORIGIN (RAM) + LENGTH (RAM))
                0x0000000000000200                _Min_Heap_Size = 0x200
                0x0000000000000400                _Min_Stack_Size = 0x400

.isr_vector     0x0000000008000000      0x194
                0x0000000008000000                . = ALIGN (0x4)
 *(.isr_vector)
 .isr_vector    0x0000000008000000      0x194 Startup/startup_stm32f401ccux.o
                0x0000000008000000                g_pfnVectors
                0x0000000008000194                . = ALIGN (0x4)

.text           0x0000000008000194      0xa8c
                0x0000000008000194                . = ALIGN (0x4)
 *(.text)
 .text          0x0000000008000194       0x40 c:/st/stm32cubeide_1.4.0/stm32cubeide/plugins/com.st.stm32cube.ide.mcu.externaltools.gnu-tools-for-stm32.7-2018-q2-update.win32_1.4.0.202007081208/tools/bin/../lib/gcc/arm-none-eabi/7.3.1/thumb/v7e-m/fpv4-sp/hard/crtbegin.o
 *(.text*)
 .text.MCAL_EXTI_Enable
                0x00000000080001d4      0x194 Src/MCAL/EXTI/EXTI.o
                0x00000000080001d4                MCAL_EXTI_Enable
 .text.EXTI0_IRQHandler
                0x0000000008000368       0x24 Src/MCAL/EXTI/EXTI.o
                0x0000000008000368                EXTI0_IRQHandler
 .text.EXTI1_IRQHandler
                0x000000000800038c       0x24 Src/MCAL/EXTI/EXTI.o
                0x000000000800038c                EXTI1_IRQHandler
 .text.MCAL_GPIOx_Init
                0x00000000080003b0      0x42c Src/MCAL/GPIO/GPIO.o
                0x00000000080003b0                MCAL_GPIOx_Init
 .text.MCAL_GPIOx_Pin_Toggle
                0x00000000080007dc       0x2a Src/MCAL/GPIO/GPIO.o
                0x00000000080007dc                MCAL_GPIOx_Pin_Toggle
 *fill*         0x0000000008000806        0x2 
 .text.MCAL_NVIC_EnableIRQ
                0x0000000008000808       0x48 Src/MCAL/NVIC/NVIC_Program.o
                0x0000000008000808                MCAL_NVIC_EnableIRQ
 .text.MCAL_RCC_voidInit
                0x0000000008000850      0x168 Src/MCAL/RCC/RCC.o
                0x0000000008000850                MCAL_RCC_voidInit
 .text.MCAL_RCC_voidPeripheral_EN
                0x00000000080009b8       0x94 Src/MCAL/RCC/RCC.o
                0x00000000080009b8                MCAL_RCC_voidPeripheral_EN
 .text.SPI1_IRQHandler
                0x0000000008000a4c       0x48 Src/MCAL/SPI/SPI.o
                0x0000000008000a4c                SPI1_IRQHandler
 .text.SysTick_Handler
                0x0000000008000a94       0x1c Src/MCAL/STK/STK.o
                0x0000000008000a94                SysTick_Handler
 .text.MyISR    0x0000000008000ab0       0x14 Src/main.o
                0x0000000008000ab0                MyISR
 .text.main     0x0000000008000ac4       0xa8 Src/main.o
                0x0000000008000ac4                main
 .text.Reset_Handler
                0x0000000008000b6c       0x50 Startup/startup_stm32f401ccux.o
                0x0000000008000b6c                Reset_Handler
 .text.Default_Handler
                0x0000000008000bbc        0x2 Startup/startup_stm32f401ccux.o
                0x0000000008000bbc                RTC_Alarm_IRQHandler
                0x0000000008000bbc                EXTI2_IRQHandler
                0x0000000008000bbc                DebugMon_Handler
                0x0000000008000bbc                SPI4_IRQHandler
                0x0000000008000bbc                TIM1_CC_IRQHandler
                0x0000000008000bbc                HardFault_Handler
                0x0000000008000bbc                PVD_IRQHandler
                0x0000000008000bbc                SDIO_IRQHandler
                0x0000000008000bbc                TAMP_STAMP_IRQHandler
                0x0000000008000bbc                PendSV_Handler
                0x0000000008000bbc                NMI_Handler
                0x0000000008000bbc                EXTI3_IRQHandler
                0x0000000008000bbc                TIM1_UP_TIM10_IRQHandler
                0x0000000008000bbc                I2C3_ER_IRQHandler
                0x0000000008000bbc                I2C2_EV_IRQHandler
                0x0000000008000bbc                FPU_IRQHandler
                0x0000000008000bbc                UsageFault_Handler
                0x0000000008000bbc                TIM1_BRK_TIM9_IRQHandler
                0x0000000008000bbc                I2C1_EV_IRQHandler
                0x0000000008000bbc                TIM3_IRQHandler
                0x0000000008000bbc                RCC_IRQHandler
                0x0000000008000bbc                Default_Handler
                0x0000000008000bbc                EXTI15_10_IRQHandler
                0x0000000008000bbc                ADC_IRQHandler
                0x0000000008000bbc                I2C3_EV_IRQHandler
                0x0000000008000bbc                EXTI9_5_IRQHandler
                0x0000000008000bbc                RTC_WKUP_IRQHandler
                0x0000000008000bbc                SPI2_IRQHandler
                0x0000000008000bbc                MemManage_Handler
                0x0000000008000bbc                SVC_Handler
                0x0000000008000bbc                EXTI4_IRQHandler
                0x0000000008000bbc                TIM2_IRQHandler
                0x0000000008000bbc                OTG_FS_WKUP_IRQHandler
                0x0000000008000bbc                TIM1_TRG_COM_TIM11_IRQHandler
                0x0000000008000bbc                I2C2_ER_IRQHandler
                0x0000000008000bbc                FLASH_IRQHandler
                0x0000000008000bbc                BusFault_Handler
                0x0000000008000bbc                OTG_FS_IRQHandler
                0x0000000008000bbc                SPI3_IRQHandler
                0x0000000008000bbc                I2C1_ER_IRQHandler
 *fill*         0x0000000008000bbe        0x2 
 .text.__libc_init_array
                0x0000000008000bc0       0x48 c:/st/stm32cubeide_1.4.0/stm32cubeide/plugins/com.st.stm32cube.ide.mcu.externaltools.gnu-tools-for-stm32.7-2018-q2-update.win32_1.4.0.202007081208/tools/bin/../lib/gcc/arm-none-eabi/7.3.1/../../../../arm-none-eabi/lib/thumb/v7e-m/fpv4-sp/hard\libc_nano.a(lib_a-init.o)
                0x0000000008000bc0                __libc_init_array
 *(.glue_7)
 .glue_7        0x0000000008000c08        0x0 linker stubs
 *(.glue_7t)
 .glue_7t       0x0000000008000c08        0x0 linker stubs
 *(.eh_frame)
 .eh_frame      0x0000000008000c08        0x0 c:/st/stm32cubeide_1.4.0/stm32cubeide/plugins/com.st.stm32cube.ide.mcu.externaltools.gnu-tools-for-stm32.7-2018-q2-update.win32_1.4.0.202007081208/tools/bin/../lib/gcc/arm-none-eabi/7.3.1/thumb/v7e-m/fpv4-sp/hard/crtbegin.o
 *(.init)
 .init          0x0000000008000c08        0x4 c:/st/stm32cubeide_1.4.0/stm32cubeide/plugins/com.st.stm32cube.ide.mcu.externaltools.gnu-tools-for-stm32.7-2018-q2-update.win32_1.4.0.202007081208/tools/bin/../lib/gcc/arm-none-eabi/7.3.1/thumb/v7e-m/fpv4-sp/hard/crti.o
                0x0000000008000c08                _init
 .init          0x0000000008000c0c        0x8 c:/st/stm32cubeide_1.4.0/stm32cubeide/plugins/com.st.stm32cube.ide.mcu.externaltools.gnu-tools-for-stm32.7-2018-q2-update.win32_1.4.0.202007081208/tools/bin/../lib/gcc/arm-none-eabi/7.3.1/thumb/v7e-m/fpv4-sp/hard/crtn.o
 *(.fini)
 .fini          0x0000000008000c14        0x4 c:/st/stm32cubeide_1.4.0/stm32cubeide/plugins/com.st.stm32cube.ide.mcu.externaltools.gnu-tools-for-stm32.7-2018-q2-update.win32_1.4.0.202007081208/tools/bin/../lib/gcc/arm-none-eabi/7.3.1/thumb/v7e-m/fpv4-sp/hard/crti.o
                0x0000000008000c14                _fini
 .fini          0x0000000008000c18        0x8 c:/st/stm32cubeide_1.4.0/stm32cubeide/plugins/com.st.stm32cube.ide.mcu.externaltools.gnu-tools-for-stm32.7-2018-q2-update.win32_1.4.0.202007081208/tools/bin/../lib/gcc/arm-none-eabi/7.3.1/thumb/v7e-m/fpv4-sp/hard/crtn.o
                0x0000000008000c20                . = ALIGN (0x4)
                0x0000000008000c20                _etext = .

.vfp11_veneer   0x0000000008000c20        0x0
 .vfp11_veneer  0x0000000008000c20        0x0 linker stubs

.v4_bx          0x0000000008000c20        0x0
 .v4_bx         0x0000000008000c20        0x0 linker stubs

.iplt           0x0000000008000c20        0x0
 .iplt          0x0000000008000c20        0x0 c:/st/stm32cubeide_1.4.0/stm32cubeide/plugins/com.st.stm32cube.ide.mcu.externaltools.gnu-tools-for-stm32.7-2018-q2-update.win32_1.4.0.202007081208/tools/bin/../lib/gcc/arm-none-eabi/7.3.1/thumb/v7e-m/fpv4-sp/hard/crtbegin.o

.rel.dyn        0x0000000008000c20        0x0
 .rel.iplt      0x0000000008000c20        0x0 c:/st/stm32cubeide_1.4.0/stm32cubeide/plugins/com.st.stm32cube.ide.mcu.externaltools.gnu-tools-for-stm32.7-2018-q2-update.win32_1.4.0.202007081208/tools/bin/../lib/gcc/arm-none-eabi/7.3.1/thumb/v7e-m/fpv4-sp/hard/crtbegin.o

.rodata         0x0000000008000c20        0x0
                0x0000000008000c20                . = ALIGN (0x4)
 *(.rodata)
 *(.rodata*)
                0x0000000008000c20                . = ALIGN (0x4)

.ARM.extab      0x0000000008000c20        0x0
                0x0000000008000c20                . = ALIGN (0x4)
 *(.ARM.extab* .gnu.linkonce.armextab.*)
                0x0000000008000c20                . = ALIGN (0x4)

.ARM            0x0000000008000c20        0x0
                0x0000000008000c20                . = ALIGN (0x4)
                0x0000000008000c20                __exidx_start = .
 *(.ARM.exidx*)
                0x0000000008000c20                __exidx_end = .
                0x0000000008000c20                . = ALIGN (0x4)

.preinit_array  0x0000000008000c20        0x0
                0x0000000008000c20                . = ALIGN (0x4)
                0x0000000008000c20                PROVIDE (__preinit_array_start = .)
 *(.preinit_array*)
                0x0000000008000c20                PROVIDE (__preinit_array_end = .)
                0x0000000008000c20                . = ALIGN (0x4)

.init_array     0x0000000008000c20        0x4
                0x0000000008000c20                . = ALIGN (0x4)
                0x0000000008000c20                PROVIDE (__init_array_start = .)
 *(SORT_BY_NAME(.init_array.*))
 *(.init_array*)
 .init_array    0x0000000008000c20        0x4 c:/st/stm32cubeide_1.4.0/stm32cubeide/plugins/com.st.stm32cube.ide.mcu.externaltools.gnu-tools-for-stm32.7-2018-q2-update.win32_1.4.0.202007081208/tools/bin/../lib/gcc/arm-none-eabi/7.3.1/thumb/v7e-m/fpv4-sp/hard/crtbegin.o
                0x0000000008000c24                PROVIDE (__init_array_end = .)
                0x0000000008000c24                . = ALIGN (0x4)

.fini_array     0x0000000008000c24        0x4
                0x0000000008000c24                . = ALIGN (0x4)
                [!provide]                        PROVIDE (__fini_array_start = .)
 *(SORT_BY_NAME(.fini_array.*))
 *(.fini_array*)
 .fini_array    0x0000000008000c24        0x4 c:/st/stm32cubeide_1.4.0/stm32cubeide/plugins/com.st.stm32cube.ide.mcu.externaltools.gnu-tools-for-stm32.7-2018-q2-update.win32_1.4.0.202007081208/tools/bin/../lib/gcc/arm-none-eabi/7.3.1/thumb/v7e-m/fpv4-sp/hard/crtbegin.o
                [!provide]                        PROVIDE (__fini_array_end = .)
                0x0000000008000c28                . = ALIGN (0x4)
                0x0000000008000c28                _sidata = LOADADDR (.data)

.data           0x0000000020000000        0x0 load address 0x0000000008000c28
                0x0000000020000000                . = ALIGN (0x4)
                0x0000000020000000                _sdata = .
 *(.data)
 *(.data*)
                0x0000000020000000                . = ALIGN (0x4)
                0x0000000020000000                _edata = .

.igot.plt       0x0000000020000000        0x0 load address 0x0000000008000c28
 .igot.plt      0x0000000020000000        0x0 c:/st/stm32cubeide_1.4.0/stm32cubeide/plugins/com.st.stm32cube.ide.mcu.externaltools.gnu-tools-for-stm32.7-2018-q2-update.win32_1.4.0.202007081208/tools/bin/../lib/gcc/arm-none-eabi/7.3.1/thumb/v7e-m/fpv4-sp/hard/crtbegin.o
                0x0000000020000000                . = ALIGN (0x4)

.bss            0x0000000020000000       0x60 load address 0x0000000008000c28
                0x0000000020000000                _sbss = .
                0x0000000020000000                __bss_start__ = _sbss
 *(.bss)
 .bss           0x0000000020000000       0x1c c:/st/stm32cubeide_1.4.0/stm32cubeide/plugins/com.st.stm32cube.ide.mcu.externaltools.gnu-tools-for-stm32.7-2018-q2-update.win32_1.4.0.202007081208/tools/bin/../lib/gcc/arm-none-eabi/7.3.1/thumb/v7e-m/fpv4-sp/hard/crtbegin.o
 *(.bss*)
 .bss.ptr       0x000000002000001c       0x3c Src/MCAL/EXTI/EXTI.o
                0x000000002000001c                ptr
 .bss.GlobalcallBackPtr
                0x0000000020000058        0x4 Src/MCAL/STK/STK.o
 *(COMMON)
 COMMON         0x000000002000005c        0x4 Src/MCAL/SPI/SPI.o
                0x000000002000005c                Global_SPI_Config
                0x0000000020000060                . = ALIGN (0x4)
                0x0000000020000060                _ebss = .
                0x0000000020000060                __bss_end__ = _ebss

._user_heap_stack
                0x0000000020000060      0x600 load address 0x0000000008000c28
                0x0000000020000060                . = ALIGN (0x8)
                [!provide]                        PROVIDE (end = .)
                0x0000000020000060                PROVIDE (_end = .)
                0x0000000020000260                . = (. + _Min_Heap_Size)
 *fill*         0x0000000020000060      0x200 
                0x0000000020000660                . = (. + _Min_Stack_Size)
 *fill*         0x0000000020000260      0x400 
                0x0000000020000660                . = ALIGN (0x8)

/DISCARD/
 libc.a(*)
 libm.a(*)
 libgcc.a(*)

.ARM.attributes
                0x0000000000000000       0x30
 *(.ARM.attributes)
 .ARM.attributes
                0x0000000000000000       0x22 c:/st/stm32cubeide_1.4.0/stm32cubeide/plugins/com.st.stm32cube.ide.mcu.externaltools.gnu-tools-for-stm32.7-2018-q2-update.win32_1.4.0.202007081208/tools/bin/../lib/gcc/arm-none-eabi/7.3.1/thumb/v7e-m/fpv4-sp/hard/crti.o
 .ARM.attributes
                0x0000000000000022       0x34 c:/st/stm32cubeide_1.4.0/stm32cubeide/plugins/com.st.stm32cube.ide.mcu.externaltools.gnu-tools-for-stm32.7-2018-q2-update.win32_1.4.0.202007081208/tools/bin/../lib/gcc/arm-none-eabi/7.3.1/thumb/v7e-m/fpv4-sp/hard/crtbegin.o
 .ARM.attributes
                0x0000000000000056       0x39 Src/MCAL/EXTI/EXTI.o
 .ARM.attributes
                0x000000000000008f       0x39 Src/MCAL/GPIO/GPIO.o
 .ARM.attributes
                0x00000000000000c8       0x39 Src/MCAL/NVIC/NVIC_Program.o
 .ARM.attributes
                0x0000000000000101       0x39 Src/MCAL/RCC/RCC.o
 .ARM.attributes
                0x000000000000013a       0x39 Src/MCAL/SPI/SPI.o
 .ARM.attributes
                0x0000000000000173       0x39 Src/MCAL/STK/STK.o
 .ARM.attributes
                0x00000000000001ac       0x39 Src/main.o
 .ARM.attributes
                0x00000000000001e5       0x21 Startup/startup_stm32f401ccux.o
 .ARM.attributes
                0x0000000000000206       0x34 c:/st/stm32cubeide_1.4.0/stm32cubeide/plugins/com.st.stm32cube.ide.mcu.externaltools.gnu-tools-for-stm32.7-2018-q2-update.win32_1.4.0.202007081208/tools/bin/../lib/gcc/arm-none-eabi/7.3.1/../../../../arm-none-eabi/lib/thumb/v7e-m/fpv4-sp/hard\libc_nano.a(lib_a-init.o)
 .ARM.attributes
                0x000000000000023a       0x22 c:/st/stm32cubeide_1.4.0/stm32cubeide/plugins/com.st.stm32cube.ide.mcu.externaltools.gnu-tools-for-stm32.7-2018-q2-update.win32_1.4.0.202007081208/tools/bin/../lib/gcc/arm-none-eabi/7.3.1/thumb/v7e-m/fpv4-sp/hard/crtn.o
OUTPUT(Drivers_iti.elf elf32-littlearm)

.debug_info     0x0000000000000000     0x1b0f
 .debug_info    0x0000000000000000      0x35b Src/MCAL/EXTI/EXTI.o
 .debug_info    0x000000000000035b      0x27e Src/MCAL/GPIO/GPIO.o
 .debug_info    0x00000000000005d9      0x691 Src/MCAL/NVIC/NVIC_Program.o
 .debug_info    0x0000000000000c6a      0x438 Src/MCAL/RCC/RCC.o
 .debug_info    0x00000000000010a2      0x32b Src/MCAL/SPI/SPI.o
 .debug_info    0x00000000000013cd      0x248 Src/MCAL/STK/STK.o
 .debug_info    0x0000000000001615      0x4d8 Src/main.o
 .debug_info    0x0000000000001aed       0x22 Startup/startup_stm32f401ccux.o

.debug_abbrev   0x0000000000000000      0x744
 .debug_abbrev  0x0000000000000000      0x107 Src/MCAL/EXTI/EXTI.o
 .debug_abbrev  0x0000000000000107       0xab Src/MCAL/GPIO/GPIO.o
 .debug_abbrev  0x00000000000001b2      0x118 Src/MCAL/NVIC/NVIC_Program.o
 .debug_abbrev  0x00000000000002ca      0x114 Src/MCAL/RCC/RCC.o
 .debug_abbrev  0x00000000000003de      0x153 Src/MCAL/SPI/SPI.o
 .debug_abbrev  0x0000000000000531      0x130 Src/MCAL/STK/STK.o
 .debug_abbrev  0x0000000000000661       0xd1 Src/main.o
 .debug_abbrev  0x0000000000000732       0x12 Startup/startup_stm32f401ccux.o

.debug_aranges  0x0000000000000000      0x210
 .debug_aranges
                0x0000000000000000       0x38 Src/MCAL/EXTI/EXTI.o
 .debug_aranges
                0x0000000000000038       0x40 Src/MCAL/GPIO/GPIO.o
 .debug_aranges
                0x0000000000000078       0x50 Src/MCAL/NVIC/NVIC_Program.o
 .debug_aranges
                0x00000000000000c8       0x50 Src/MCAL/RCC/RCC.o
 .debug_aranges
                0x0000000000000118       0x40 Src/MCAL/SPI/SPI.o
 .debug_aranges
                0x0000000000000158       0x68 Src/MCAL/STK/STK.o
 .debug_aranges
                0x00000000000001c0       0x28 Src/main.o
 .debug_aranges
                0x00000000000001e8       0x28 Startup/startup_stm32f401ccux.o

.debug_ranges   0x0000000000000000      0x198
 .debug_ranges  0x0000000000000000       0x28 Src/MCAL/EXTI/EXTI.o
 .debug_ranges  0x0000000000000028       0x30 Src/MCAL/GPIO/GPIO.o
 .debug_ranges  0x0000000000000058       0x40 Src/MCAL/NVIC/NVIC_Program.o
 .debug_ranges  0x0000000000000098       0x40 Src/MCAL/RCC/RCC.o
 .debug_ranges  0x00000000000000d8       0x30 Src/MCAL/SPI/SPI.o
 .debug_ranges  0x0000000000000108       0x58 Src/MCAL/STK/STK.o
 .debug_ranges  0x0000000000000160       0x18 Src/main.o
 .debug_ranges  0x0000000000000178       0x20 Startup/startup_stm32f401ccux.o

.debug_macro    0x0000000000000000     0x145f
 .debug_macro   0x0000000000000000       0x40 Src/MCAL/EXTI/EXTI.o
 .debug_macro   0x0000000000000040      0xa60 Src/MCAL/EXTI/EXTI.o
 .debug_macro   0x0000000000000aa0       0x2e Src/MCAL/EXTI/EXTI.o
 .debug_macro   0x0000000000000ace       0x10 Src/MCAL/EXTI/EXTI.o
 .debug_macro   0x0000000000000ade       0x3a Src/MCAL/EXTI/EXTI.o
 .debug_macro   0x0000000000000b18       0x3b Src/MCAL/GPIO/GPIO.o
 .debug_macro   0x0000000000000b53       0x2e Src/MCAL/GPIO/GPIO.o
 .debug_macro   0x0000000000000b81      0x11e Src/MCAL/GPIO/GPIO.o
 .debug_macro   0x0000000000000c9f       0x3c Src/MCAL/NVIC/NVIC_Program.o
 .debug_macro   0x0000000000000cdb       0x28 Src/MCAL/NVIC/NVIC_Program.o
 .debug_macro   0x0000000000000d03       0x3b Src/MCAL/RCC/RCC.o
 .debug_macro   0x0000000000000d3e      0x222 Src/MCAL/RCC/RCC.o
 .debug_macro   0x0000000000000f60       0x58 Src/MCAL/RCC/RCC.o
 .debug_macro   0x0000000000000fb8       0x41 Src/MCAL/SPI/SPI.o
 .debug_macro   0x0000000000000ff9       0x34 Src/MCAL/SPI/SPI.o
 .debug_macro   0x000000000000102d       0xbe Src/MCAL/SPI/SPI.o
 .debug_macro   0x00000000000010eb       0x4b Src/MCAL/STK/STK.o
 .debug_macro   0x0000000000001136       0x28 Src/MCAL/STK/STK.o
 .debug_macro   0x000000000000115e       0x34 Src/MCAL/STK/STK.o
 .debug_macro   0x0000000000001192       0x7d Src/main.o
 .debug_macro   0x000000000000120f      0x222 Src/main.o
 .debug_macro   0x0000000000001431       0x2e Src/main.o

.debug_line     0x0000000000000000      0xb4e
 .debug_line    0x0000000000000000      0x104 Src/MCAL/EXTI/EXTI.o
 .debug_line    0x0000000000000104      0x166 Src/MCAL/GPIO/GPIO.o
 .debug_line    0x000000000000026a      0x298 Src/MCAL/NVIC/NVIC_Program.o
 .debug_line    0x0000000000000502      0x165 Src/MCAL/RCC/RCC.o
 .debug_line    0x0000000000000667      0x114 Src/MCAL/SPI/SPI.o
 .debug_line    0x000000000000077b      0x16c Src/MCAL/STK/STK.o
 .debug_line    0x00000000000008e7      0x1e3 Src/main.o
 .debug_line    0x0000000000000aca       0x84 Startup/startup_stm32f401ccux.o

.debug_str      0x0000000000000000     0x581a
 .debug_str     0x0000000000000000     0x3337 Src/MCAL/EXTI/EXTI.o
                                       0x33a9 (size before relaxing)
 .debug_str     0x0000000000003337      0x4e6 Src/MCAL/GPIO/GPIO.o
                                       0x333a (size before relaxing)
 .debug_str     0x000000000000381d      0x8b4 Src/MCAL/NVIC/NVIC_Program.o
                                       0x3755 (size before relaxing)
 .debug_str     0x00000000000040d1      0xd6d Src/MCAL/RCC/RCC.o
                                       0x3bd7 (size before relaxing)
 .debug_str     0x0000000000004e3e      0x696 Src/MCAL/SPI/SPI.o
                                       0x3515 (size before relaxing)
 .debug_str     0x00000000000054d4      0x2e8 Src/MCAL/STK/STK.o
                                       0x3151 (size before relaxing)
 .debug_str     0x00000000000057bc       0x2d Src/main.o
                                       0x42d6 (size before relaxing)
 .debug_str     0x00000000000057e9       0x31 Startup/startup_stm32f401ccux.o
                                         0x56 (size before relaxing)

.comment        0x0000000000000000       0x7b
 .comment       0x0000000000000000       0x7b Src/MCAL/EXTI/EXTI.o
                                         0x7c (size before relaxing)
 .comment       0x000000000000007b       0x7c Src/MCAL/GPIO/GPIO.o
 .comment       0x000000000000007b       0x7c Src/MCAL/NVIC/NVIC_Program.o
 .comment       0x000000000000007b       0x7c Src/MCAL/RCC/RCC.o
 .comment       0x000000000000007b       0x7c Src/MCAL/SPI/SPI.o
 .comment       0x000000000000007b       0x7c Src/MCAL/STK/STK.o
 .comment       0x000000000000007b       0x7c Src/main.o

.debug_frame    0x0000000000000000      0x64c
 .debug_frame   0x0000000000000000       0x98 Src/MCAL/EXTI/EXTI.o
 .debug_frame   0x0000000000000098       0xd8 Src/MCAL/GPIO/GPIO.o
 .debug_frame   0x0000000000000170      0x128 Src/MCAL/NVIC/NVIC_Program.o
 .debug_frame   0x0000000000000298       0xfc Src/MCAL/RCC/RCC.o
 .debug_frame   0x0000000000000394       0xd4 Src/MCAL/SPI/SPI.o
 .debug_frame   0x0000000000000468      0x16c Src/MCAL/STK/STK.o
 .debug_frame   0x00000000000005d4       0x4c Src/main.o
 .debug_frame   0x0000000000000620       0x2c c:/st/stm32cubeide_1.4.0/stm32cubeide/plugins/com.st.stm32cube.ide.mcu.externaltools.gnu-tools-for-stm32.7-2018-q2-update.win32_1.4.0.202007081208/tools/bin/../lib/gcc/arm-none-eabi/7.3.1/../../../../arm-none-eabi/lib/thumb/v7e-m/fpv4-sp/hard\libc_nano.a(lib_a-init.o)
